Performing C SOURCE FILE Test HAVE_GCC_WDOCUMENTATION failed with the following output:
Change Dir: /home/layvis/Desktop/Try/Forest/build/build_custom/CMakeFiles/CMakeTmp

Run Build Command(s):/usr/bin/gmake -f Makefile cmTC_e9ef1/fast && /usr/bin/gmake  -f CMakeFiles/cmTC_e9ef1.dir/build.make CMakeFiles/cmTC_e9ef1.dir/build
gmake[1]: Entering directory '/home/layvis/Desktop/Try/Forest/build/build_custom/CMakeFiles/CMakeTmp'
Building C object CMakeFiles/cmTC_e9ef1.dir/src.c.o
/usr/bin/cc -DHAVE_GCC_WDOCUMENTATION  -D_GNU_SOURCE=1   -Wdocumentation -o CMakeFiles/cmTC_e9ef1.dir/src.c.o -c /home/layvis/Desktop/Try/Forest/build/build_custom/CMakeFiles/CMakeTmp/src.c
cc: error: unrecognized command-line option '-Wdocumentation'
gmake[1]: *** [CMakeFiles/cmTC_e9ef1.dir/build.make:78: CMakeFiles/cmTC_e9ef1.dir/src.c.o] Error 1
gmake[1]: Leaving directory '/home/layvis/Desktop/Try/Forest/build/build_custom/CMakeFiles/CMakeTmp'
gmake: *** [Makefile:127: cmTC_e9ef1/fast] Error 2


Source file was:
int main(void) { return 0; }
Performing C SOURCE FILE Test HAVE_GCC_WDOCUMENTATION_UNKNOWN_COMMAND failed with the following output:
Change Dir: /home/layvis/Desktop/Try/Forest/build/build_custom/CMakeFiles/CMakeTmp

Run Build Command(s):/usr/bin/gmake -f Makefile cmTC_b06dc/fast && /usr/bin/gmake  -f CMakeFiles/cmTC_b06dc.dir/build.make CMakeFiles/cmTC_b06dc.dir/build
gmake[1]: Entering directory '/home/layvis/Desktop/Try/Forest/build/build_custom/CMakeFiles/CMakeTmp'
Building C object CMakeFiles/cmTC_b06dc.dir/src.c.o
/usr/bin/cc -DHAVE_GCC_WDOCUMENTATION_UNKNOWN_COMMAND  -D_GNU_SOURCE=1   -Wdocumentation-unknown-command -o CMakeFiles/cmTC_b06dc.dir/src.c.o -c /home/layvis/Desktop/Try/Forest/build/build_custom/CMakeFiles/CMakeTmp/src.c
cc: error: unrecognized command-line option '-Wdocumentation-unknown-command'
gmake[1]: *** [CMakeFiles/cmTC_b06dc.dir/build.make:78: CMakeFiles/cmTC_b06dc.dir/src.c.o] Error 1
gmake[1]: Leaving directory '/home/layvis/Desktop/Try/Forest/build/build_custom/CMakeFiles/CMakeTmp'
gmake: *** [Makefile:127: cmTC_b06dc/fast] Error 2


Source file was:
int main(void) { return 0; }
Performing C SOURCE FILE Test HAVE_GCC_COMMENT_BLOCK_COMMANDS failed with the following output:
Change Dir: /home/layvis/Desktop/Try/Forest/build/build_custom/CMakeFiles/CMakeTmp

Run Build Command(s):/usr/bin/gmake -f Makefile cmTC_a96ff/fast && /usr/bin/gmake  -f CMakeFiles/cmTC_a96ff.dir/build.make CMakeFiles/cmTC_a96ff.dir/build
gmake[1]: Entering directory '/home/layvis/Desktop/Try/Forest/build/build_custom/CMakeFiles/CMakeTmp'
Building C object CMakeFiles/cmTC_a96ff.dir/src.c.o
/usr/bin/cc -DHAVE_GCC_COMMENT_BLOCK_COMMANDS  -D_GNU_SOURCE=1   -fcomment-block-commands=threadsafety -o CMakeFiles/cmTC_a96ff.dir/src.c.o -c /home/layvis/Desktop/Try/Forest/build/build_custom/CMakeFiles/CMakeTmp/src.c
cc: error: unrecognized command-line option '-fcomment-block-commands=threadsafety'
gmake[1]: *** [CMakeFiles/cmTC_a96ff.dir/build.make:78: CMakeFiles/cmTC_a96ff.dir/src.c.o] Error 1
gmake[1]: Leaving directory '/home/layvis/Desktop/Try/Forest/build/build_custom/CMakeFiles/CMakeTmp'
gmake: *** [Makefile:127: cmTC_a96ff/fast] Error 2


Source file was:
int main(void) { return 0; }
Performing C SOURCE FILE Test HAVE_CLANG_COMMENT_BLOCK_COMMANDS failed with the following output:
Change Dir: /home/layvis/Desktop/Try/Forest/build/build_custom/CMakeFiles/CMakeTmp

Run Build Command(s):/usr/bin/gmake -f Makefile cmTC_ec913/fast && /usr/bin/gmake  -f CMakeFiles/cmTC_ec913.dir/build.make CMakeFiles/cmTC_ec913.dir/build
gmake[1]: Entering directory '/home/layvis/Desktop/Try/Forest/build/build_custom/CMakeFiles/CMakeTmp'
Building C object CMakeFiles/cmTC_ec913.dir/src.c.o
/usr/bin/cc -DHAVE_CLANG_COMMENT_BLOCK_COMMANDS  -D_GNU_SOURCE=1   /clang:-fcomment-block-commands=threadsafety -o CMakeFiles/cmTC_ec913.dir/src.c.o -c /home/layvis/Desktop/Try/Forest/build/build_custom/CMakeFiles/CMakeTmp/src.c
cc: warning: /clang:-fcomment-block-commands=threadsafety: linker input file unused because linking not done
cc: error: /clang:-fcomment-block-commands=threadsafety: linker input file not found: No such file or directory
gmake[1]: *** [CMakeFiles/cmTC_ec913.dir/build.make:78: CMakeFiles/cmTC_ec913.dir/src.c.o] Error 1
gmake[1]: *** Deleting file 'CMakeFiles/cmTC_ec913.dir/src.c.o'
gmake[1]: Leaving directory '/home/layvis/Desktop/Try/Forest/build/build_custom/CMakeFiles/CMakeTmp'
gmake: *** [Makefile:127: cmTC_ec913/fast] Error 2


Source file was:
int main(void) { return 0; }
Determining if the _i64toa exist failed with the following output:
Change Dir: /home/layvis/Desktop/Try/Forest/build/build_custom/CMakeFiles/CMakeTmp

Run Build Command(s):/usr/bin/gmake -f Makefile cmTC_fb77b/fast && /usr/bin/gmake  -f CMakeFiles/cmTC_fb77b.dir/build.make CMakeFiles/cmTC_fb77b.dir/build
gmake[1]: Entering directory '/home/layvis/Desktop/Try/Forest/build/build_custom/CMakeFiles/CMakeTmp'
Building C object CMakeFiles/cmTC_fb77b.dir/CheckSymbolExists.c.o
/usr/bin/cc   -D_GNU_SOURCE=1 -o CMakeFiles/cmTC_fb77b.dir/CheckSymbolExists.c.o -c /home/layvis/Desktop/Try/Forest/build/build_custom/CMakeFiles/CMakeTmp/CheckSymbolExists.c
/home/layvis/Desktop/Try/Forest/build/build_custom/CMakeFiles/CMakeTmp/CheckSymbolExists.c: In function ‘main’:
/home/layvis/Desktop/Try/Forest/build/build_custom/CMakeFiles/CMakeTmp/CheckSymbolExists.c:26:19: error: ‘_i64toa’ undeclared (first use in this function)
   26 |   return ((int*)(&_i64toa))[argc];
      |                   ^~~~~~~
/home/layvis/Desktop/Try/Forest/build/build_custom/CMakeFiles/CMakeTmp/CheckSymbolExists.c:26:19: note: each undeclared identifier is reported only once for each function it appears in
gmake[1]: *** [CMakeFiles/cmTC_fb77b.dir/build.make:78: CMakeFiles/cmTC_fb77b.dir/CheckSymbolExists.c.o] Error 1
gmake[1]: Leaving directory '/home/layvis/Desktop/Try/Forest/build/build_custom/CMakeFiles/CMakeTmp'
gmake: *** [Makefile:127: cmTC_fb77b/fast] Error 2


File /home/layvis/Desktop/Try/Forest/build/build_custom/CMakeFiles/CMakeTmp/CheckSymbolExists.c:
/* */
#include <float.h>
#include <iconv.h>
#include <inttypes.h>
#include <limits.h>
#include <malloc.h>
#include <math.h>
#include <memory.h>
#include <signal.h>
#include <stdarg.h>
#include <stdbool.h>
#include <stddef.h>
#include <stdint.h>
#include <stdio.h>
#include <stdlib.h>
#include <string.h>
#include <strings.h>
#include <sys/types.h>
#include <time.h>
#include <wchar.h>

int main(int argc, char** argv)
{
  (void)argv;
#ifndef _i64toa
  return ((int*)(&_i64toa))[argc];
#else
  (void)argc;
  return 0;
#endif
}
Determining if the itoa exist failed with the following output:
Change Dir: /home/layvis/Desktop/Try/Forest/build/build_custom/CMakeFiles/CMakeTmp

Run Build Command(s):/usr/bin/gmake -f Makefile cmTC_7c5db/fast && /usr/bin/gmake  -f CMakeFiles/cmTC_7c5db.dir/build.make CMakeFiles/cmTC_7c5db.dir/build
gmake[1]: Entering directory '/home/layvis/Desktop/Try/Forest/build/build_custom/CMakeFiles/CMakeTmp'
Building C object CMakeFiles/cmTC_7c5db.dir/CheckSymbolExists.c.o
/usr/bin/cc   -D_GNU_SOURCE=1 -o CMakeFiles/cmTC_7c5db.dir/CheckSymbolExists.c.o -c /home/layvis/Desktop/Try/Forest/build/build_custom/CMakeFiles/CMakeTmp/CheckSymbolExists.c
/home/layvis/Desktop/Try/Forest/build/build_custom/CMakeFiles/CMakeTmp/CheckSymbolExists.c: In function ‘main’:
/home/layvis/Desktop/Try/Forest/build/build_custom/CMakeFiles/CMakeTmp/CheckSymbolExists.c:26:19: error: ‘itoa’ undeclared (first use in this function)
   26 |   return ((int*)(&itoa))[argc];
      |                   ^~~~
/home/layvis/Desktop/Try/Forest/build/build_custom/CMakeFiles/CMakeTmp/CheckSymbolExists.c:26:19: note: each undeclared identifier is reported only once for each function it appears in
gmake[1]: *** [CMakeFiles/cmTC_7c5db.dir/build.make:78: CMakeFiles/cmTC_7c5db.dir/CheckSymbolExists.c.o] Error 1
gmake[1]: Leaving directory '/home/layvis/Desktop/Try/Forest/build/build_custom/CMakeFiles/CMakeTmp'
gmake: *** [Makefile:127: cmTC_7c5db/fast] Error 2


File /home/layvis/Desktop/Try/Forest/build/build_custom/CMakeFiles/CMakeTmp/CheckSymbolExists.c:
/* */
#include <float.h>
#include <iconv.h>
#include <inttypes.h>
#include <limits.h>
#include <malloc.h>
#include <math.h>
#include <memory.h>
#include <signal.h>
#include <stdarg.h>
#include <stdbool.h>
#include <stddef.h>
#include <stdint.h>
#include <stdio.h>
#include <stdlib.h>
#include <string.h>
#include <strings.h>
#include <sys/types.h>
#include <time.h>
#include <wchar.h>

int main(int argc, char** argv)
{
  (void)argv;
#ifndef itoa
  return ((int*)(&itoa))[argc];
#else
  (void)argc;
  return 0;
#endif
}
Determining if the _ltoa exist failed with the following output:
Change Dir: /home/layvis/Desktop/Try/Forest/build/build_custom/CMakeFiles/CMakeTmp

Run Build Command(s):/usr/bin/gmake -f Makefile cmTC_fa4ce/fast && /usr/bin/gmake  -f CMakeFiles/cmTC_fa4ce.dir/build.make CMakeFiles/cmTC_fa4ce.dir/build
gmake[1]: Entering directory '/home/layvis/Desktop/Try/Forest/build/build_custom/CMakeFiles/CMakeTmp'
Building C object CMakeFiles/cmTC_fa4ce.dir/CheckSymbolExists.c.o
/usr/bin/cc   -D_GNU_SOURCE=1 -o CMakeFiles/cmTC_fa4ce.dir/CheckSymbolExists.c.o -c /home/layvis/Desktop/Try/Forest/build/build_custom/CMakeFiles/CMakeTmp/CheckSymbolExists.c
/home/layvis/Desktop/Try/Forest/build/build_custom/CMakeFiles/CMakeTmp/CheckSymbolExists.c: In function ‘main’:
/home/layvis/Desktop/Try/Forest/build/build_custom/CMakeFiles/CMakeTmp/CheckSymbolExists.c:26:19: error: ‘_ltoa’ undeclared (first use in this function)
   26 |   return ((int*)(&_ltoa))[argc];
      |                   ^~~~~
/home/layvis/Desktop/Try/Forest/build/build_custom/CMakeFiles/CMakeTmp/CheckSymbolExists.c:26:19: note: each undeclared identifier is reported only once for each function it appears in
gmake[1]: *** [CMakeFiles/cmTC_fa4ce.dir/build.make:78: CMakeFiles/cmTC_fa4ce.dir/CheckSymbolExists.c.o] Error 1
gmake[1]: Leaving directory '/home/layvis/Desktop/Try/Forest/build/build_custom/CMakeFiles/CMakeTmp'
gmake: *** [Makefile:127: cmTC_fa4ce/fast] Error 2


File /home/layvis/Desktop/Try/Forest/build/build_custom/CMakeFiles/CMakeTmp/CheckSymbolExists.c:
/* */
#include <float.h>
#include <iconv.h>
#include <inttypes.h>
#include <limits.h>
#include <malloc.h>
#include <math.h>
#include <memory.h>
#include <signal.h>
#include <stdarg.h>
#include <stdbool.h>
#include <stddef.h>
#include <stdint.h>
#include <stdio.h>
#include <stdlib.h>
#include <string.h>
#include <strings.h>
#include <sys/types.h>
#include <time.h>
#include <wchar.h>

int main(int argc, char** argv)
{
  (void)argv;
#ifndef _ltoa
  return ((int*)(&_ltoa))[argc];
#else
  (void)argc;
  return 0;
#endif
}
Determining if the sqr exist failed with the following output:
Change Dir: /home/layvis/Desktop/Try/Forest/build/build_custom/CMakeFiles/CMakeTmp

Run Build Command(s):/usr/bin/gmake -f Makefile cmTC_d706d/fast && /usr/bin/gmake  -f CMakeFiles/cmTC_d706d.dir/build.make CMakeFiles/cmTC_d706d.dir/build
gmake[1]: Entering directory '/home/layvis/Desktop/Try/Forest/build/build_custom/CMakeFiles/CMakeTmp'
Building C object CMakeFiles/cmTC_d706d.dir/CheckSymbolExists.c.o
/usr/bin/cc   -D_GNU_SOURCE=1 -o CMakeFiles/cmTC_d706d.dir/CheckSymbolExists.c.o -c /home/layvis/Desktop/Try/Forest/build/build_custom/CMakeFiles/CMakeTmp/CheckSymbolExists.c
/home/layvis/Desktop/Try/Forest/build/build_custom/CMakeFiles/CMakeTmp/CheckSymbolExists.c: In function ‘main’:
/home/layvis/Desktop/Try/Forest/build/build_custom/CMakeFiles/CMakeTmp/CheckSymbolExists.c:26:19: error: ‘sqr’ undeclared (first use in this function); did you mean ‘sqrt’?
   26 |   return ((int*)(&sqr))[argc];
      |                   ^~~
      |                   sqrt
/home/layvis/Desktop/Try/Forest/build/build_custom/CMakeFiles/CMakeTmp/CheckSymbolExists.c:26:19: note: each undeclared identifier is reported only once for each function it appears in
gmake[1]: *** [CMakeFiles/cmTC_d706d.dir/build.make:78: CMakeFiles/cmTC_d706d.dir/CheckSymbolExists.c.o] Error 1
gmake[1]: Leaving directory '/home/layvis/Desktop/Try/Forest/build/build_custom/CMakeFiles/CMakeTmp'
gmake: *** [Makefile:127: cmTC_d706d/fast] Error 2


File /home/layvis/Desktop/Try/Forest/build/build_custom/CMakeFiles/CMakeTmp/CheckSymbolExists.c:
/* */
#include <float.h>
#include <iconv.h>
#include <inttypes.h>
#include <limits.h>
#include <malloc.h>
#include <math.h>
#include <memory.h>
#include <signal.h>
#include <stdarg.h>
#include <stdbool.h>
#include <stddef.h>
#include <stdint.h>
#include <stdio.h>
#include <stdlib.h>
#include <string.h>
#include <strings.h>
#include <sys/types.h>
#include <time.h>
#include <wchar.h>

int main(int argc, char** argv)
{
  (void)argv;
#ifndef sqr
  return ((int*)(&sqr))[argc];
#else
  (void)argc;
  return 0;
#endif
}
Determining if the strlcat exist failed with the following output:
Change Dir: /home/layvis/Desktop/Try/Forest/build/build_custom/CMakeFiles/CMakeTmp

Run Build Command(s):/usr/bin/gmake -f Makefile cmTC_65244/fast && /usr/bin/gmake  -f CMakeFiles/cmTC_65244.dir/build.make CMakeFiles/cmTC_65244.dir/build
gmake[1]: Entering directory '/home/layvis/Desktop/Try/Forest/build/build_custom/CMakeFiles/CMakeTmp'
Building C object CMakeFiles/cmTC_65244.dir/CheckSymbolExists.c.o
/usr/bin/cc   -D_GNU_SOURCE=1 -o CMakeFiles/cmTC_65244.dir/CheckSymbolExists.c.o -c /home/layvis/Desktop/Try/Forest/build/build_custom/CMakeFiles/CMakeTmp/CheckSymbolExists.c
/home/layvis/Desktop/Try/Forest/build/build_custom/CMakeFiles/CMakeTmp/CheckSymbolExists.c: In function ‘main’:
/home/layvis/Desktop/Try/Forest/build/build_custom/CMakeFiles/CMakeTmp/CheckSymbolExists.c:26:19: error: ‘strlcat’ undeclared (first use in this function); did you mean ‘strncat’?
   26 |   return ((int*)(&strlcat))[argc];
      |                   ^~~~~~~
      |                   strncat
/home/layvis/Desktop/Try/Forest/build/build_custom/CMakeFiles/CMakeTmp/CheckSymbolExists.c:26:19: note: each undeclared identifier is reported only once for each function it appears in
gmake[1]: *** [CMakeFiles/cmTC_65244.dir/build.make:78: CMakeFiles/cmTC_65244.dir/CheckSymbolExists.c.o] Error 1
gmake[1]: Leaving directory '/home/layvis/Desktop/Try/Forest/build/build_custom/CMakeFiles/CMakeTmp'
gmake: *** [Makefile:127: cmTC_65244/fast] Error 2


File /home/layvis/Desktop/Try/Forest/build/build_custom/CMakeFiles/CMakeTmp/CheckSymbolExists.c:
/* */
#include <float.h>
#include <iconv.h>
#include <inttypes.h>
#include <limits.h>
#include <malloc.h>
#include <math.h>
#include <memory.h>
#include <signal.h>
#include <stdarg.h>
#include <stdbool.h>
#include <stddef.h>
#include <stdint.h>
#include <stdio.h>
#include <stdlib.h>
#include <string.h>
#include <strings.h>
#include <sys/types.h>
#include <time.h>
#include <wchar.h>

int main(int argc, char** argv)
{
  (void)argv;
#ifndef strlcat
  return ((int*)(&strlcat))[argc];
#else
  (void)argc;
  return 0;
#endif
}
Determining if the strlcpy exist failed with the following output:
Change Dir: /home/layvis/Desktop/Try/Forest/build/build_custom/CMakeFiles/CMakeTmp

Run Build Command(s):/usr/bin/gmake -f Makefile cmTC_3e9f7/fast && /usr/bin/gmake  -f CMakeFiles/cmTC_3e9f7.dir/build.make CMakeFiles/cmTC_3e9f7.dir/build
gmake[1]: Entering directory '/home/layvis/Desktop/Try/Forest/build/build_custom/CMakeFiles/CMakeTmp'
Building C object CMakeFiles/cmTC_3e9f7.dir/CheckSymbolExists.c.o
/usr/bin/cc   -D_GNU_SOURCE=1 -o CMakeFiles/cmTC_3e9f7.dir/CheckSymbolExists.c.o -c /home/layvis/Desktop/Try/Forest/build/build_custom/CMakeFiles/CMakeTmp/CheckSymbolExists.c
/home/layvis/Desktop/Try/Forest/build/build_custom/CMakeFiles/CMakeTmp/CheckSymbolExists.c: In function ‘main’:
/home/layvis/Desktop/Try/Forest/build/build_custom/CMakeFiles/CMakeTmp/CheckSymbolExists.c:26:19: error: ‘strlcpy’ undeclared (first use in this function); did you mean ‘strncpy’?
   26 |   return ((int*)(&strlcpy))[argc];
      |                   ^~~~~~~
      |                   strncpy
/home/layvis/Desktop/Try/Forest/build/build_custom/CMakeFiles/CMakeTmp/CheckSymbolExists.c:26:19: note: each undeclared identifier is reported only once for each function it appears in
gmake[1]: *** [CMakeFiles/cmTC_3e9f7.dir/build.make:78: CMakeFiles/cmTC_3e9f7.dir/CheckSymbolExists.c.o] Error 1
gmake[1]: Leaving directory '/home/layvis/Desktop/Try/Forest/build/build_custom/CMakeFiles/CMakeTmp'
gmake: *** [Makefile:127: cmTC_3e9f7/fast] Error 2


File /home/layvis/Desktop/Try/Forest/build/build_custom/CMakeFiles/CMakeTmp/CheckSymbolExists.c:
/* */
#include <float.h>
#include <iconv.h>
#include <inttypes.h>
#include <limits.h>
#include <malloc.h>
#include <math.h>
#include <memory.h>
#include <signal.h>
#include <stdarg.h>
#include <stdbool.h>
#include <stddef.h>
#include <stdint.h>
#include <stdio.h>
#include <stdlib.h>
#include <string.h>
#include <strings.h>
#include <sys/types.h>
#include <time.h>
#include <wchar.h>

int main(int argc, char** argv)
{
  (void)argv;
#ifndef strlcpy
  return ((int*)(&strlcpy))[argc];
#else
  (void)argc;
  return 0;
#endif
}
Determining if the strnstr exist failed with the following output:
Change Dir: /home/layvis/Desktop/Try/Forest/build/build_custom/CMakeFiles/CMakeTmp

Run Build Command(s):/usr/bin/gmake -f Makefile cmTC_0c097/fast && /usr/bin/gmake  -f CMakeFiles/cmTC_0c097.dir/build.make CMakeFiles/cmTC_0c097.dir/build
gmake[1]: Entering directory '/home/layvis/Desktop/Try/Forest/build/build_custom/CMakeFiles/CMakeTmp'
Building C object CMakeFiles/cmTC_0c097.dir/CheckSymbolExists.c.o
/usr/bin/cc   -D_GNU_SOURCE=1 -o CMakeFiles/cmTC_0c097.dir/CheckSymbolExists.c.o -c /home/layvis/Desktop/Try/Forest/build/build_custom/CMakeFiles/CMakeTmp/CheckSymbolExists.c
/home/layvis/Desktop/Try/Forest/build/build_custom/CMakeFiles/CMakeTmp/CheckSymbolExists.c: In function ‘main’:
/home/layvis/Desktop/Try/Forest/build/build_custom/CMakeFiles/CMakeTmp/CheckSymbolExists.c:26:19: error: ‘strnstr’ undeclared (first use in this function); did you mean ‘strstr’?
   26 |   return ((int*)(&strnstr))[argc];
      |                   ^~~~~~~
      |                   strstr
/home/layvis/Desktop/Try/Forest/build/build_custom/CMakeFiles/CMakeTmp/CheckSymbolExists.c:26:19: note: each undeclared identifier is reported only once for each function it appears in
gmake[1]: *** [CMakeFiles/cmTC_0c097.dir/build.make:78: CMakeFiles/cmTC_0c097.dir/CheckSymbolExists.c.o] Error 1
gmake[1]: Leaving directory '/home/layvis/Desktop/Try/Forest/build/build_custom/CMakeFiles/CMakeTmp'
gmake: *** [Makefile:127: cmTC_0c097/fast] Error 2


File /home/layvis/Desktop/Try/Forest/build/build_custom/CMakeFiles/CMakeTmp/CheckSymbolExists.c:
/* */
#include <float.h>
#include <iconv.h>
#include <inttypes.h>
#include <limits.h>
#include <malloc.h>
#include <math.h>
#include <memory.h>
#include <signal.h>
#include <stdarg.h>
#include <stdbool.h>
#include <stddef.h>
#include <stdint.h>
#include <stdio.h>
#include <stdlib.h>
#include <string.h>
#include <strings.h>
#include <sys/types.h>
#include <time.h>
#include <wchar.h>

int main(int argc, char** argv)
{
  (void)argv;
#ifndef strnstr
  return ((int*)(&strnstr))[argc];
#else
  (void)argc;
  return 0;
#endif
}
Determining if the wcslcat exist failed with the following output:
Change Dir: /home/layvis/Desktop/Try/Forest/build/build_custom/CMakeFiles/CMakeTmp

Run Build Command(s):/usr/bin/gmake -f Makefile cmTC_d7a9b/fast && /usr/bin/gmake  -f CMakeFiles/cmTC_d7a9b.dir/build.make CMakeFiles/cmTC_d7a9b.dir/build
gmake[1]: Entering directory '/home/layvis/Desktop/Try/Forest/build/build_custom/CMakeFiles/CMakeTmp'
Building C object CMakeFiles/cmTC_d7a9b.dir/CheckSymbolExists.c.o
/usr/bin/cc   -D_GNU_SOURCE=1 -o CMakeFiles/cmTC_d7a9b.dir/CheckSymbolExists.c.o -c /home/layvis/Desktop/Try/Forest/build/build_custom/CMakeFiles/CMakeTmp/CheckSymbolExists.c
/home/layvis/Desktop/Try/Forest/build/build_custom/CMakeFiles/CMakeTmp/CheckSymbolExists.c: In function ‘main’:
/home/layvis/Desktop/Try/Forest/build/build_custom/CMakeFiles/CMakeTmp/CheckSymbolExists.c:26:19: error: ‘wcslcat’ undeclared (first use in this function); did you mean ‘wcsncat’?
   26 |   return ((int*)(&wcslcat))[argc];
      |                   ^~~~~~~
      |                   wcsncat
/home/layvis/Desktop/Try/Forest/build/build_custom/CMakeFiles/CMakeTmp/CheckSymbolExists.c:26:19: note: each undeclared identifier is reported only once for each function it appears in
gmake[1]: *** [CMakeFiles/cmTC_d7a9b.dir/build.make:78: CMakeFiles/cmTC_d7a9b.dir/CheckSymbolExists.c.o] Error 1
gmake[1]: Leaving directory '/home/layvis/Desktop/Try/Forest/build/build_custom/CMakeFiles/CMakeTmp'
gmake: *** [Makefile:127: cmTC_d7a9b/fast] Error 2


File /home/layvis/Desktop/Try/Forest/build/build_custom/CMakeFiles/CMakeTmp/CheckSymbolExists.c:
/* */
#include <float.h>
#include <iconv.h>
#include <inttypes.h>
#include <limits.h>
#include <malloc.h>
#include <math.h>
#include <memory.h>
#include <signal.h>
#include <stdarg.h>
#include <stdbool.h>
#include <stddef.h>
#include <stdint.h>
#include <stdio.h>
#include <stdlib.h>
#include <string.h>
#include <strings.h>
#include <sys/types.h>
#include <time.h>
#include <wchar.h>

int main(int argc, char** argv)
{
  (void)argv;
#ifndef wcslcat
  return ((int*)(&wcslcat))[argc];
#else
  (void)argc;
  return 0;
#endif
}
Determining if the wcslcpy exist failed with the following output:
Change Dir: /home/layvis/Desktop/Try/Forest/build/build_custom/CMakeFiles/CMakeTmp

Run Build Command(s):/usr/bin/gmake -f Makefile cmTC_09a17/fast && /usr/bin/gmake  -f CMakeFiles/cmTC_09a17.dir/build.make CMakeFiles/cmTC_09a17.dir/build
gmake[1]: Entering directory '/home/layvis/Desktop/Try/Forest/build/build_custom/CMakeFiles/CMakeTmp'
Building C object CMakeFiles/cmTC_09a17.dir/CheckSymbolExists.c.o
/usr/bin/cc   -D_GNU_SOURCE=1 -o CMakeFiles/cmTC_09a17.dir/CheckSymbolExists.c.o -c /home/layvis/Desktop/Try/Forest/build/build_custom/CMakeFiles/CMakeTmp/CheckSymbolExists.c
/home/layvis/Desktop/Try/Forest/build/build_custom/CMakeFiles/CMakeTmp/CheckSymbolExists.c: In function ‘main’:
/home/layvis/Desktop/Try/Forest/build/build_custom/CMakeFiles/CMakeTmp/CheckSymbolExists.c:26:19: error: ‘wcslcpy’ undeclared (first use in this function); did you mean ‘wcsncpy’?
   26 |   return ((int*)(&wcslcpy))[argc];
      |                   ^~~~~~~
      |                   wcsncpy
/home/layvis/Desktop/Try/Forest/build/build_custom/CMakeFiles/CMakeTmp/CheckSymbolExists.c:26:19: note: each undeclared identifier is reported only once for each function it appears in
gmake[1]: *** [CMakeFiles/cmTC_09a17.dir/build.make:78: CMakeFiles/cmTC_09a17.dir/CheckSymbolExists.c.o] Error 1
gmake[1]: Leaving directory '/home/layvis/Desktop/Try/Forest/build/build_custom/CMakeFiles/CMakeTmp'
gmake: *** [Makefile:127: cmTC_09a17/fast] Error 2


File /home/layvis/Desktop/Try/Forest/build/build_custom/CMakeFiles/CMakeTmp/CheckSymbolExists.c:
/* */
#include <float.h>
#include <iconv.h>
#include <inttypes.h>
#include <limits.h>
#include <malloc.h>
#include <math.h>
#include <memory.h>
#include <signal.h>
#include <stdarg.h>
#include <stdbool.h>
#include <stddef.h>
#include <stdint.h>
#include <stdio.h>
#include <stdlib.h>
#include <string.h>
#include <strings.h>
#include <sys/types.h>
#include <time.h>
#include <wchar.h>

int main(int argc, char** argv)
{
  (void)argv;
#ifndef wcslcpy
  return ((int*)(&wcslcpy))[argc];
#else
  (void)argc;
  return 0;
#endif
}
Determining if the sysctlbyname exist failed with the following output:
Change Dir: /home/layvis/Desktop/Try/Forest/build/build_custom/CMakeFiles/CMakeTmp

Run Build Command(s):/usr/bin/gmake -f Makefile cmTC_2d80d/fast && /usr/bin/gmake  -f CMakeFiles/cmTC_2d80d.dir/build.make CMakeFiles/cmTC_2d80d.dir/build
gmake[1]: Entering directory '/home/layvis/Desktop/Try/Forest/build/build_custom/CMakeFiles/CMakeTmp'
Building C object CMakeFiles/cmTC_2d80d.dir/CheckSymbolExists.c.o
/usr/bin/cc   -D_GNU_SOURCE=1 -o CMakeFiles/cmTC_2d80d.dir/CheckSymbolExists.c.o -c /home/layvis/Desktop/Try/Forest/build/build_custom/CMakeFiles/CMakeTmp/CheckSymbolExists.c
/home/layvis/Desktop/Try/Forest/build/build_custom/CMakeFiles/CMakeTmp/CheckSymbolExists.c:3:10: fatal error: sys/sysctl.h: No such file or directory
    3 | #include <sys/sysctl.h>
      |          ^~~~~~~~~~~~~~
compilation terminated.
gmake[1]: *** [CMakeFiles/cmTC_2d80d.dir/build.make:78: CMakeFiles/cmTC_2d80d.dir/CheckSymbolExists.c.o] Error 1
gmake[1]: Leaving directory '/home/layvis/Desktop/Try/Forest/build/build_custom/CMakeFiles/CMakeTmp'
gmake: *** [Makefile:127: cmTC_2d80d/fast] Error 2


File /home/layvis/Desktop/Try/Forest/build/build_custom/CMakeFiles/CMakeTmp/CheckSymbolExists.c:
/* */
#include <sys/types.h>
#include <sys/sysctl.h>

int main(int argc, char** argv)
{
  (void)argv;
#ifndef sysctlbyname
  return ((int*)(&sysctlbyname))[argc];
#else
  (void)argc;
  return 0;
#endif
}
Determining if the elf_aux_info exist failed with the following output:
Change Dir: /home/layvis/Desktop/Try/Forest/build/build_custom/CMakeFiles/CMakeTmp

Run Build Command(s):/usr/bin/gmake -f Makefile cmTC_6a51a/fast && /usr/bin/gmake  -f CMakeFiles/cmTC_6a51a.dir/build.make CMakeFiles/cmTC_6a51a.dir/build
gmake[1]: Entering directory '/home/layvis/Desktop/Try/Forest/build/build_custom/CMakeFiles/CMakeTmp'
Building C object CMakeFiles/cmTC_6a51a.dir/CheckSymbolExists.c.o
/usr/bin/cc   -D_GNU_SOURCE=1 -o CMakeFiles/cmTC_6a51a.dir/CheckSymbolExists.c.o -c /home/layvis/Desktop/Try/Forest/build/build_custom/CMakeFiles/CMakeTmp/CheckSymbolExists.c
/home/layvis/Desktop/Try/Forest/build/build_custom/CMakeFiles/CMakeTmp/CheckSymbolExists.c: In function ‘main’:
/home/layvis/Desktop/Try/Forest/build/build_custom/CMakeFiles/CMakeTmp/CheckSymbolExists.c:8:19: error: ‘elf_aux_info’ undeclared (first use in this function)
    8 |   return ((int*)(&elf_aux_info))[argc];
      |                   ^~~~~~~~~~~~
/home/layvis/Desktop/Try/Forest/build/build_custom/CMakeFiles/CMakeTmp/CheckSymbolExists.c:8:19: note: each undeclared identifier is reported only once for each function it appears in
gmake[1]: *** [CMakeFiles/cmTC_6a51a.dir/build.make:78: CMakeFiles/cmTC_6a51a.dir/CheckSymbolExists.c.o] Error 1
gmake[1]: Leaving directory '/home/layvis/Desktop/Try/Forest/build/build_custom/CMakeFiles/CMakeTmp'
gmake: *** [Makefile:127: cmTC_6a51a/fast] Error 2


File /home/layvis/Desktop/Try/Forest/build/build_custom/CMakeFiles/CMakeTmp/CheckSymbolExists.c:
/* */
#include <sys/auxv.h>

int main(int argc, char** argv)
{
  (void)argv;
#ifndef elf_aux_info
  return ((int*)(&elf_aux_info))[argc];
#else
  (void)argc;
  return 0;
#endif
}
Determining if the posix_spawn_file_actions_addchdir exist failed with the following output:
Change Dir: /home/layvis/Desktop/Try/Forest/build/build_custom/CMakeFiles/CMakeTmp

Run Build Command(s):/usr/bin/gmake -f Makefile cmTC_447b5/fast && /usr/bin/gmake  -f CMakeFiles/cmTC_447b5.dir/build.make CMakeFiles/cmTC_447b5.dir/build
gmake[1]: Entering directory '/home/layvis/Desktop/Try/Forest/build/build_custom/CMakeFiles/CMakeTmp'
Building C object CMakeFiles/cmTC_447b5.dir/CheckSymbolExists.c.o
/usr/bin/cc   -D_GNU_SOURCE=1 -o CMakeFiles/cmTC_447b5.dir/CheckSymbolExists.c.o -c /home/layvis/Desktop/Try/Forest/build/build_custom/CMakeFiles/CMakeTmp/CheckSymbolExists.c
/home/layvis/Desktop/Try/Forest/build/build_custom/CMakeFiles/CMakeTmp/CheckSymbolExists.c: In function ‘main’:
/home/layvis/Desktop/Try/Forest/build/build_custom/CMakeFiles/CMakeTmp/CheckSymbolExists.c:8:19: error: ‘posix_spawn_file_actions_addchdir’ undeclared (first use in this function); did you mean ‘posix_spawn_file_actions_addchdir_np’?
    8 |   return ((int*)(&posix_spawn_file_actions_addchdir))[argc];
      |                   ^~~~~~~~~~~~~~~~~~~~~~~~~~~~~~~~~
      |                   posix_spawn_file_actions_addchdir_np
/home/layvis/Desktop/Try/Forest/build/build_custom/CMakeFiles/CMakeTmp/CheckSymbolExists.c:8:19: note: each undeclared identifier is reported only once for each function it appears in
gmake[1]: *** [CMakeFiles/cmTC_447b5.dir/build.make:78: CMakeFiles/cmTC_447b5.dir/CheckSymbolExists.c.o] Error 1
gmake[1]: Leaving directory '/home/layvis/Desktop/Try/Forest/build/build_custom/CMakeFiles/CMakeTmp'
gmake: *** [Makefile:127: cmTC_447b5/fast] Error 2


File /home/layvis/Desktop/Try/Forest/build/build_custom/CMakeFiles/CMakeTmp/CheckSymbolExists.c:
/* */
#include <spawn.h>

int main(int argc, char** argv)
{
  (void)argv;
#ifndef posix_spawn_file_actions_addchdir
  return ((int*)(&posix_spawn_file_actions_addchdir))[argc];
#else
  (void)argc;
  return 0;
#endif
}
Performing C SOURCE FILE Test ICONV_IN_LIBICONV failed with the following output:
Change Dir: /home/layvis/Desktop/Try/Forest/build/build_custom/CMakeFiles/CMakeTmp

Run Build Command(s):/usr/bin/gmake -f Makefile cmTC_d9c5d/fast && /usr/bin/gmake  -f CMakeFiles/cmTC_d9c5d.dir/build.make CMakeFiles/cmTC_d9c5d.dir/build
gmake[1]: Entering directory '/home/layvis/Desktop/Try/Forest/build/build_custom/CMakeFiles/CMakeTmp'
Building C object CMakeFiles/cmTC_d9c5d.dir/src.c.o
/usr/bin/cc -DICONV_IN_LIBICONV  -D_GNU_SOURCE=1 -o CMakeFiles/cmTC_d9c5d.dir/src.c.o -c /home/layvis/Desktop/Try/Forest/build/build_custom/CMakeFiles/CMakeTmp/src.c
Linking C executable cmTC_d9c5d
/usr/bin/cmake -E cmake_link_script CMakeFiles/cmTC_d9c5d.dir/link.txt --verbose=1
/usr/bin/cc   -D_GNU_SOURCE=1 CMakeFiles/cmTC_d9c5d.dir/src.c.o -o cmTC_d9c5d  -liconv 
/usr/bin/ld: cannot find -liconv: No such file or directory
collect2: error: ld returned 1 exit status
gmake[1]: *** [CMakeFiles/cmTC_d9c5d.dir/build.make:99: cmTC_d9c5d] Error 1
gmake[1]: Leaving directory '/home/layvis/Desktop/Try/Forest/build/build_custom/CMakeFiles/CMakeTmp'
gmake: *** [Makefile:127: cmTC_d9c5d/fast] Error 2


Source file was:

        #include <stddef.h>
        #include <iconv.h>
        int main(int argc, char **argv) {
            return !iconv_open(NULL,NULL);
        }
Performing C SOURCE FILE Test LIBC_HAS_WORKING_LIBUNWIND failed with the following output:
Change Dir: /home/layvis/Desktop/Try/Forest/build/build_custom/CMakeFiles/CMakeTmp

Run Build Command(s):/usr/bin/gmake -f Makefile cmTC_7fa6f/fast && /usr/bin/gmake  -f CMakeFiles/cmTC_7fa6f.dir/build.make CMakeFiles/cmTC_7fa6f.dir/build
gmake[1]: Entering directory '/home/layvis/Desktop/Try/Forest/build/build_custom/CMakeFiles/CMakeTmp'
Building C object CMakeFiles/cmTC_7fa6f.dir/src.c.o
/usr/bin/cc -DLIBC_HAS_WORKING_LIBUNWIND  -D_GNU_SOURCE=1 -o CMakeFiles/cmTC_7fa6f.dir/src.c.o -c /home/layvis/Desktop/Try/Forest/build/build_custom/CMakeFiles/CMakeTmp/src.c
/home/layvis/Desktop/Try/Forest/build/build_custom/CMakeFiles/CMakeTmp/src.c:1:16: fatal error: libunwind.h: No such file or directory
    1 |       #include <libunwind.h>
      |                ^~~~~~~~~~~~~
compilation terminated.
gmake[1]: *** [CMakeFiles/cmTC_7fa6f.dir/build.make:78: CMakeFiles/cmTC_7fa6f.dir/src.c.o] Error 1
gmake[1]: Leaving directory '/home/layvis/Desktop/Try/Forest/build/build_custom/CMakeFiles/CMakeTmp'
gmake: *** [Makefile:127: cmTC_7fa6f/fast] Error 2


Source file was:
      #include <libunwind.h>
      int main(int argc, char *argv[]) {
        (void)argc; (void)argv;
        unw_context_t context;
        unw_cursor_t cursor;
        unw_word_t pc;
        char sym[256];
        unw_word_t offset;
        unw_getcontext(&context);
        unw_step(&cursor);
        unw_get_reg(&cursor, UNW_REG_IP, &pc);
        unw_get_proc_name(&cursor, sym, sizeof(sym), &offset);
        return 0;
      }
Performing C SOURCE FILE Test LIBUNWIND_HAS_WORKINGLIBUNWIND failed with the following output:
Change Dir: /home/layvis/Desktop/Try/Forest/build/build_custom/CMakeFiles/CMakeTmp

Run Build Command(s):/usr/bin/gmake -f Makefile cmTC_70bce/fast && /usr/bin/gmake  -f CMakeFiles/cmTC_70bce.dir/build.make CMakeFiles/cmTC_70bce.dir/build
gmake[1]: Entering directory '/home/layvis/Desktop/Try/Forest/build/build_custom/CMakeFiles/CMakeTmp'
Building C object CMakeFiles/cmTC_70bce.dir/src.c.o
/usr/bin/cc -DLIBUNWIND_HAS_WORKINGLIBUNWIND  -D_GNU_SOURCE=1 -o CMakeFiles/cmTC_70bce.dir/src.c.o -c /home/layvis/Desktop/Try/Forest/build/build_custom/CMakeFiles/CMakeTmp/src.c
/home/layvis/Desktop/Try/Forest/build/build_custom/CMakeFiles/CMakeTmp/src.c:1:16: fatal error: libunwind.h: No such file or directory
    1 |       #include <libunwind.h>
      |                ^~~~~~~~~~~~~
compilation terminated.
gmake[1]: *** [CMakeFiles/cmTC_70bce.dir/build.make:78: CMakeFiles/cmTC_70bce.dir/src.c.o] Error 1
gmake[1]: Leaving directory '/home/layvis/Desktop/Try/Forest/build/build_custom/CMakeFiles/CMakeTmp'
gmake: *** [Makefile:127: cmTC_70bce/fast] Error 2


Source file was:
      #include <libunwind.h>
      int main(int argc, char *argv[]) {
        (void)argc; (void)argv;
        unw_context_t context;
        unw_cursor_t cursor;
        unw_word_t pc;
        char sym[256];
        unw_word_t offset;
        unw_getcontext(&context);
        unw_step(&cursor);
        unw_get_reg(&cursor, UNW_REG_IP, &pc);
        unw_get_proc_name(&cursor, sym, sizeof(sym), &offset);
        return 0;
      }
Determining if the include file pthread_np.h exists failed with the following output:
Change Dir: /home/layvis/Desktop/Try/Forest/build/build_custom/CMakeFiles/CMakeTmp

Run Build Command(s):/usr/bin/gmake -f Makefile cmTC_4ec3f/fast && /usr/bin/gmake  -f CMakeFiles/cmTC_4ec3f.dir/build.make CMakeFiles/cmTC_4ec3f.dir/build
gmake[1]: Entering directory '/home/layvis/Desktop/Try/Forest/build/build_custom/CMakeFiles/CMakeTmp'
Building C object CMakeFiles/cmTC_4ec3f.dir/CheckIncludeFile.c.o
/usr/bin/cc   -D_GNU_SOURCE=1 -D_REENTRANT -pthread -o CMakeFiles/cmTC_4ec3f.dir/CheckIncludeFile.c.o -c /home/layvis/Desktop/Try/Forest/build/build_custom/CMakeFiles/CMakeTmp/CheckIncludeFile.c
/home/layvis/Desktop/Try/Forest/build/build_custom/CMakeFiles/CMakeTmp/CheckIncludeFile.c:1:10: fatal error: pthread_np.h: No such file or directory
    1 | #include <pthread_np.h>
      |          ^~~~~~~~~~~~~~
compilation terminated.
gmake[1]: *** [CMakeFiles/cmTC_4ec3f.dir/build.make:78: CMakeFiles/cmTC_4ec3f.dir/CheckIncludeFile.c.o] Error 1
gmake[1]: Leaving directory '/home/layvis/Desktop/Try/Forest/build/build_custom/CMakeFiles/CMakeTmp'
gmake: *** [Makefile:127: cmTC_4ec3f/fast] Error 2



